
> gde-mit-heckathon@0.0.0 build
> tsc -b && vite build

src/pages/DoctorDashboard.tsx(2,10): error TS6133: 'Users' is declared but its value is never read.
src/pages/DoctorDashboard.tsx(2,17): error TS6133: 'Activity' is declared but its value is never read.
src/pages/DoctorDashboard.tsx(2,34): error TS6133: 'ChevronRight' is declared but its value is never read.
src/pages/DoctorDashboard.tsx(3,16): error TS6133: 'CardContent' is declared but its value is never read.
src/pages/DoctorDashboard.tsx(3,29): error TS6133: 'CardHeader' is declared but its value is never read.
src/pages/DoctorDashboard.tsx(3,41): error TS6133: 'CardTitle' is declared but its value is never read.
src/pages/DoctorDashboard.tsx(7,46): error TS1484: 'Appointment' is a type and must be imported using a type-only import when 'verbatimModuleSyntax' is enabled.
src/pages/DoctorDashboard.tsx(7,59): error TS1484: 'Patient' is a type and must be imported using a type-only import when 'verbatimModuleSyntax' is enabled.
src/pages/PatientDashboard.tsx(1,8): error TS6133: 'React' is declared but its value is never read.
src/pages/PatientDashboard.tsx(3,98): error TS6133: 'ChevronDown' is declared but its value is never read.
src/pages/PatientDashboard.tsx(4,16): error TS6133: 'CardContent' is declared but its value is never read.
src/pages/PatientDashboard.tsx(4,29): error TS6133: 'CardDescription' is declared but its value is never read.
src/pages/PatientDashboard.tsx(4,46): error TS6133: 'CardHeader' is declared but its value is never read.
src/pages/PatientDashboard.tsx(4,58): error TS6133: 'CardTitle' is declared but its value is never read.
src/pages/PatientDashboard.tsx(7,36): error TS1484: 'Appointment' is a type and must be imported using a type-only import when 'verbatimModuleSyntax' is enabled.
